// Jest Snapshot v1, https://jestjs.io/docs/snapshot-testing

exports[`test generate example from mocker,LRO header: ,readme:eventgrid,tag:package-2020-06 1`] = `
{
  "201": {
    "body": {
      "location": "aaaaaaaaaaa",
    },
    "headers": {
      "Azure-AsyncOperation": "https://management.azure.com:443/subscriptions/20a9996a-0715-492e-8ac8-d51dada0174a/providers/Microsoft.EventGrid/locations/southcentralus/operationsStatus/D1ED3992-E192-452C-99B7-F6C56BE7A7EA?api-version=2020-06-01",
    },
  },
}
`;

exports[`test generate example from mocker,readme:agrifood: ,tag:package-preview-2023-06 1`] = `[]`;

exports[`test generate example from mocker,readme:eventgrid: ,tag:package-2020-06 1`] = `[]`;

exports[`test generate example from mocker,readme:signalr: ,tag:package-2020-05-01 1`] = `[]`;

exports[`test generate example from mocker,readme:sql: ,tag:package-pure-2020-02-preview 1`] = `[]`;

exports[`test generate example from payload,rp:eventgrid: ,tag:package-2020-06 1`] = `[]`;

exports[`test generate example from payload,rp:signalr: ,tag:package-2020-05-01 1`] = `[]`;

exports[`test generate example from payload,rp:sql: ,tag:package-pure-2020-02-preview 1`] = `[]`;
