// Jest Snapshot v1, https://goo.gl/fbAQLP

exports[`test generate example from mocker,readme:eventgrid: ,tag:package-2020-06 1`] = `
Array [
  Object {
    "code": "RESPONSE_BODY_NOT_IN_EXAMPLE",
    "id": "OAV130",
    "message": "Response statusCode \\"201\\" for operation \\"ManagedDatabases_CreateOrUpdate\\" has no response body provided in the example, however the response does have a \\"schema\\" defined in the swagger spec.",
  },
  "Found errors in validating the response with statusCode \\"201\\" for x-ms-example \\"ManagedDatabases_CreateOrUpdate_MaximumSet_Gen\\" in operation \\"ManagedDatabases_CreateOrUpdate\\".:
",
  "the validation raised below error:",
  Array [
    Object {
      "code": "RESPONSE_BODY_NOT_IN_EXAMPLE",
      "details": Object {
        "code": "RESPONSE_BODY_NOT_IN_EXAMPLE",
        "id": "OAV130",
        "message": "Response statusCode \\"201\\" for operation \\"ManagedDatabases_CreateOrUpdate\\" has no response body provided in the example, however the response does have a \\"schema\\" defined in the swagger spec.",
      },
      "operationId": "ManagedDatabases_CreateOrUpdate",
      "responseCode": "201",
      "scenario": "ManagedDatabases_CreateOrUpdate_MaximumSet_Gen",
      "severity": 0,
      "source": "response",
    },
  ],
  Object {
    "code": "RESPONSE_BODY_NOT_IN_EXAMPLE",
    "id": "OAV130",
    "message": "Response statusCode \\"201\\" for operation \\"ManagedInstanceAzureADOnlyAuthentications_CreateOrUpdate\\" has no response body provided in the example, however the response does have a \\"schema\\" defined in the swagger spec.",
  },
  "Found errors in validating the response with statusCode \\"201\\" for x-ms-example \\"ManagedInstanceAzureADOnlyAuthentications_CreateOrUpdate_MaximumSet_Gen\\" in operation \\"ManagedInstanceAzureADOnlyAuthentications_CreateOrUpdate\\".:
",
  "the validation raised below error:",
  Array [
    Object {
      "code": "RESPONSE_BODY_NOT_IN_EXAMPLE",
      "details": Object {
        "code": "RESPONSE_BODY_NOT_IN_EXAMPLE",
        "id": "OAV130",
        "message": "Response statusCode \\"201\\" for operation \\"ManagedInstanceAzureADOnlyAuthentications_CreateOrUpdate\\" has no response body provided in the example, however the response does have a \\"schema\\" defined in the swagger spec.",
      },
      "operationId": "ManagedInstanceAzureADOnlyAuthentications_CreateOrUpdate",
      "responseCode": "201",
      "scenario": "ManagedInstanceAzureADOnlyAuthentications_CreateOrUpdate_MaximumSet_Gen",
      "severity": 0,
      "source": "response",
    },
  ],
  Object {
    "code": "RESPONSE_BODY_NOT_IN_EXAMPLE",
    "id": "OAV130",
    "message": "Response statusCode \\"201\\" for operation \\"ServerAzureADOnlyAuthentications_CreateOrUpdate\\" has no response body provided in the example, however the response does have a \\"schema\\" defined in the swagger spec.",
  },
  "Found errors in validating the response with statusCode \\"201\\" for x-ms-example \\"ServerAzureADOnlyAuthentications_CreateOrUpdate_MaximumSet_Gen\\" in operation \\"ServerAzureADOnlyAuthentications_CreateOrUpdate\\".:
",
  "the validation raised below error:",
  Array [
    Object {
      "code": "RESPONSE_BODY_NOT_IN_EXAMPLE",
      "details": Object {
        "code": "RESPONSE_BODY_NOT_IN_EXAMPLE",
        "id": "OAV130",
        "message": "Response statusCode \\"201\\" for operation \\"ServerAzureADOnlyAuthentications_CreateOrUpdate\\" has no response body provided in the example, however the response does have a \\"schema\\" defined in the swagger spec.",
      },
      "operationId": "ServerAzureADOnlyAuthentications_CreateOrUpdate",
      "responseCode": "201",
      "scenario": "ServerAzureADOnlyAuthentications_CreateOrUpdate_MaximumSet_Gen",
      "severity": 0,
      "source": "response",
    },
  ],
]
`;

exports[`test generate example from mocker,readme:signalr: ,tag:package-2020-05-01 1`] = `
Array [
  Object {
    "code": "RESPONSE_BODY_NOT_IN_EXAMPLE",
    "id": "OAV130",
    "message": "Response statusCode \\"201\\" for operation \\"ManagedDatabases_CreateOrUpdate\\" has no response body provided in the example, however the response does have a \\"schema\\" defined in the swagger spec.",
  },
  "Found errors in validating the response with statusCode \\"201\\" for x-ms-example \\"ManagedDatabases_CreateOrUpdate_MaximumSet_Gen\\" in operation \\"ManagedDatabases_CreateOrUpdate\\".:
",
  "the validation raised below error:",
  Array [
    Object {
      "code": "RESPONSE_BODY_NOT_IN_EXAMPLE",
      "details": Object {
        "code": "RESPONSE_BODY_NOT_IN_EXAMPLE",
        "id": "OAV130",
        "message": "Response statusCode \\"201\\" for operation \\"ManagedDatabases_CreateOrUpdate\\" has no response body provided in the example, however the response does have a \\"schema\\" defined in the swagger spec.",
      },
      "operationId": "ManagedDatabases_CreateOrUpdate",
      "responseCode": "201",
      "scenario": "ManagedDatabases_CreateOrUpdate_MaximumSet_Gen",
      "severity": 0,
      "source": "response",
    },
  ],
  Object {
    "code": "RESPONSE_BODY_NOT_IN_EXAMPLE",
    "id": "OAV130",
    "message": "Response statusCode \\"201\\" for operation \\"ManagedInstanceAzureADOnlyAuthentications_CreateOrUpdate\\" has no response body provided in the example, however the response does have a \\"schema\\" defined in the swagger spec.",
  },
  "Found errors in validating the response with statusCode \\"201\\" for x-ms-example \\"ManagedInstanceAzureADOnlyAuthentications_CreateOrUpdate_MaximumSet_Gen\\" in operation \\"ManagedInstanceAzureADOnlyAuthentications_CreateOrUpdate\\".:
",
  "the validation raised below error:",
  Array [
    Object {
      "code": "RESPONSE_BODY_NOT_IN_EXAMPLE",
      "details": Object {
        "code": "RESPONSE_BODY_NOT_IN_EXAMPLE",
        "id": "OAV130",
        "message": "Response statusCode \\"201\\" for operation \\"ManagedInstanceAzureADOnlyAuthentications_CreateOrUpdate\\" has no response body provided in the example, however the response does have a \\"schema\\" defined in the swagger spec.",
      },
      "operationId": "ManagedInstanceAzureADOnlyAuthentications_CreateOrUpdate",
      "responseCode": "201",
      "scenario": "ManagedInstanceAzureADOnlyAuthentications_CreateOrUpdate_MaximumSet_Gen",
      "severity": 0,
      "source": "response",
    },
  ],
  Object {
    "code": "RESPONSE_BODY_NOT_IN_EXAMPLE",
    "id": "OAV130",
    "message": "Response statusCode \\"201\\" for operation \\"ServerAzureADOnlyAuthentications_CreateOrUpdate\\" has no response body provided in the example, however the response does have a \\"schema\\" defined in the swagger spec.",
  },
  "Found errors in validating the response with statusCode \\"201\\" for x-ms-example \\"ServerAzureADOnlyAuthentications_CreateOrUpdate_MaximumSet_Gen\\" in operation \\"ServerAzureADOnlyAuthentications_CreateOrUpdate\\".:
",
  "the validation raised below error:",
  Array [
    Object {
      "code": "RESPONSE_BODY_NOT_IN_EXAMPLE",
      "details": Object {
        "code": "RESPONSE_BODY_NOT_IN_EXAMPLE",
        "id": "OAV130",
        "message": "Response statusCode \\"201\\" for operation \\"ServerAzureADOnlyAuthentications_CreateOrUpdate\\" has no response body provided in the example, however the response does have a \\"schema\\" defined in the swagger spec.",
      },
      "operationId": "ServerAzureADOnlyAuthentications_CreateOrUpdate",
      "responseCode": "201",
      "scenario": "ServerAzureADOnlyAuthentications_CreateOrUpdate_MaximumSet_Gen",
      "severity": 0,
      "source": "response",
    },
  ],
]
`;

exports[`test generate example from mocker,readme:sql: ,tag:package-pure-2020-02-preview 1`] = `
Array [
  Object {
    "code": "RESPONSE_BODY_NOT_IN_EXAMPLE",
    "id": "OAV130",
    "message": "Response statusCode \\"201\\" for operation \\"ManagedDatabases_CreateOrUpdate\\" has no response body provided in the example, however the response does have a \\"schema\\" defined in the swagger spec.",
  },
  "Found errors in validating the response with statusCode \\"201\\" for x-ms-example \\"ManagedDatabases_CreateOrUpdate_MaximumSet_Gen\\" in operation \\"ManagedDatabases_CreateOrUpdate\\".:
",
  "the validation raised below error:",
  Array [
    Object {
      "code": "RESPONSE_BODY_NOT_IN_EXAMPLE",
      "details": Object {
        "code": "RESPONSE_BODY_NOT_IN_EXAMPLE",
        "id": "OAV130",
        "message": "Response statusCode \\"201\\" for operation \\"ManagedDatabases_CreateOrUpdate\\" has no response body provided in the example, however the response does have a \\"schema\\" defined in the swagger spec.",
      },
      "operationId": "ManagedDatabases_CreateOrUpdate",
      "responseCode": "201",
      "scenario": "ManagedDatabases_CreateOrUpdate_MaximumSet_Gen",
      "severity": 0,
      "source": "response",
    },
  ],
  Object {
    "code": "RESPONSE_BODY_NOT_IN_EXAMPLE",
    "id": "OAV130",
    "message": "Response statusCode \\"201\\" for operation \\"ManagedInstanceAzureADOnlyAuthentications_CreateOrUpdate\\" has no response body provided in the example, however the response does have a \\"schema\\" defined in the swagger spec.",
  },
  "Found errors in validating the response with statusCode \\"201\\" for x-ms-example \\"ManagedInstanceAzureADOnlyAuthentications_CreateOrUpdate_MaximumSet_Gen\\" in operation \\"ManagedInstanceAzureADOnlyAuthentications_CreateOrUpdate\\".:
",
  "the validation raised below error:",
  Array [
    Object {
      "code": "RESPONSE_BODY_NOT_IN_EXAMPLE",
      "details": Object {
        "code": "RESPONSE_BODY_NOT_IN_EXAMPLE",
        "id": "OAV130",
        "message": "Response statusCode \\"201\\" for operation \\"ManagedInstanceAzureADOnlyAuthentications_CreateOrUpdate\\" has no response body provided in the example, however the response does have a \\"schema\\" defined in the swagger spec.",
      },
      "operationId": "ManagedInstanceAzureADOnlyAuthentications_CreateOrUpdate",
      "responseCode": "201",
      "scenario": "ManagedInstanceAzureADOnlyAuthentications_CreateOrUpdate_MaximumSet_Gen",
      "severity": 0,
      "source": "response",
    },
  ],
  Object {
    "code": "RESPONSE_BODY_NOT_IN_EXAMPLE",
    "id": "OAV130",
    "message": "Response statusCode \\"201\\" for operation \\"ServerAzureADOnlyAuthentications_CreateOrUpdate\\" has no response body provided in the example, however the response does have a \\"schema\\" defined in the swagger spec.",
  },
  "Found errors in validating the response with statusCode \\"201\\" for x-ms-example \\"ServerAzureADOnlyAuthentications_CreateOrUpdate_MaximumSet_Gen\\" in operation \\"ServerAzureADOnlyAuthentications_CreateOrUpdate\\".:
",
  "the validation raised below error:",
  Array [
    Object {
      "code": "RESPONSE_BODY_NOT_IN_EXAMPLE",
      "details": Object {
        "code": "RESPONSE_BODY_NOT_IN_EXAMPLE",
        "id": "OAV130",
        "message": "Response statusCode \\"201\\" for operation \\"ServerAzureADOnlyAuthentications_CreateOrUpdate\\" has no response body provided in the example, however the response does have a \\"schema\\" defined in the swagger spec.",
      },
      "operationId": "ServerAzureADOnlyAuthentications_CreateOrUpdate",
      "responseCode": "201",
      "scenario": "ServerAzureADOnlyAuthentications_CreateOrUpdate_MaximumSet_Gen",
      "severity": 0,
      "source": "response",
    },
  ],
]
`;

exports[`test generate example from payload,rp:eventgrid: ,tag:package-2020-06 1`] = `
Array [
  Object {
    "code": "RESPONSE_BODY_NOT_IN_EXAMPLE",
    "id": "OAV130",
    "message": "Response statusCode \\"201\\" for operation \\"ManagedDatabases_CreateOrUpdate\\" has no response body provided in the example, however the response does have a \\"schema\\" defined in the swagger spec.",
  },
  "Found errors in validating the response with statusCode \\"201\\" for x-ms-example \\"ManagedDatabases_CreateOrUpdate_MaximumSet_Gen\\" in operation \\"ManagedDatabases_CreateOrUpdate\\".:
",
  "the validation raised below error:",
  Array [
    Object {
      "code": "RESPONSE_BODY_NOT_IN_EXAMPLE",
      "details": Object {
        "code": "RESPONSE_BODY_NOT_IN_EXAMPLE",
        "id": "OAV130",
        "message": "Response statusCode \\"201\\" for operation \\"ManagedDatabases_CreateOrUpdate\\" has no response body provided in the example, however the response does have a \\"schema\\" defined in the swagger spec.",
      },
      "operationId": "ManagedDatabases_CreateOrUpdate",
      "responseCode": "201",
      "scenario": "ManagedDatabases_CreateOrUpdate_MaximumSet_Gen",
      "severity": 0,
      "source": "response",
    },
  ],
  Object {
    "code": "RESPONSE_BODY_NOT_IN_EXAMPLE",
    "id": "OAV130",
    "message": "Response statusCode \\"201\\" for operation \\"ManagedInstanceAzureADOnlyAuthentications_CreateOrUpdate\\" has no response body provided in the example, however the response does have a \\"schema\\" defined in the swagger spec.",
  },
  "Found errors in validating the response with statusCode \\"201\\" for x-ms-example \\"ManagedInstanceAzureADOnlyAuthentications_CreateOrUpdate_MaximumSet_Gen\\" in operation \\"ManagedInstanceAzureADOnlyAuthentications_CreateOrUpdate\\".:
",
  "the validation raised below error:",
  Array [
    Object {
      "code": "RESPONSE_BODY_NOT_IN_EXAMPLE",
      "details": Object {
        "code": "RESPONSE_BODY_NOT_IN_EXAMPLE",
        "id": "OAV130",
        "message": "Response statusCode \\"201\\" for operation \\"ManagedInstanceAzureADOnlyAuthentications_CreateOrUpdate\\" has no response body provided in the example, however the response does have a \\"schema\\" defined in the swagger spec.",
      },
      "operationId": "ManagedInstanceAzureADOnlyAuthentications_CreateOrUpdate",
      "responseCode": "201",
      "scenario": "ManagedInstanceAzureADOnlyAuthentications_CreateOrUpdate_MaximumSet_Gen",
      "severity": 0,
      "source": "response",
    },
  ],
  Object {
    "code": "RESPONSE_BODY_NOT_IN_EXAMPLE",
    "id": "OAV130",
    "message": "Response statusCode \\"201\\" for operation \\"ServerAzureADOnlyAuthentications_CreateOrUpdate\\" has no response body provided in the example, however the response does have a \\"schema\\" defined in the swagger spec.",
  },
  "Found errors in validating the response with statusCode \\"201\\" for x-ms-example \\"ServerAzureADOnlyAuthentications_CreateOrUpdate_MaximumSet_Gen\\" in operation \\"ServerAzureADOnlyAuthentications_CreateOrUpdate\\".:
",
  "the validation raised below error:",
  Array [
    Object {
      "code": "RESPONSE_BODY_NOT_IN_EXAMPLE",
      "details": Object {
        "code": "RESPONSE_BODY_NOT_IN_EXAMPLE",
        "id": "OAV130",
        "message": "Response statusCode \\"201\\" for operation \\"ServerAzureADOnlyAuthentications_CreateOrUpdate\\" has no response body provided in the example, however the response does have a \\"schema\\" defined in the swagger spec.",
      },
      "operationId": "ServerAzureADOnlyAuthentications_CreateOrUpdate",
      "responseCode": "201",
      "scenario": "ServerAzureADOnlyAuthentications_CreateOrUpdate_MaximumSet_Gen",
      "severity": 0,
      "source": "response",
    },
  ],
]
`;

exports[`test generate example from payload,rp:signalr: ,tag:package-2020-05-01 1`] = `
Array [
  Object {
    "code": "RESPONSE_BODY_NOT_IN_EXAMPLE",
    "id": "OAV130",
    "message": "Response statusCode \\"201\\" for operation \\"ManagedDatabases_CreateOrUpdate\\" has no response body provided in the example, however the response does have a \\"schema\\" defined in the swagger spec.",
  },
  "Found errors in validating the response with statusCode \\"201\\" for x-ms-example \\"ManagedDatabases_CreateOrUpdate_MaximumSet_Gen\\" in operation \\"ManagedDatabases_CreateOrUpdate\\".:
",
  "the validation raised below error:",
  Array [
    Object {
      "code": "RESPONSE_BODY_NOT_IN_EXAMPLE",
      "details": Object {
        "code": "RESPONSE_BODY_NOT_IN_EXAMPLE",
        "id": "OAV130",
        "message": "Response statusCode \\"201\\" for operation \\"ManagedDatabases_CreateOrUpdate\\" has no response body provided in the example, however the response does have a \\"schema\\" defined in the swagger spec.",
      },
      "operationId": "ManagedDatabases_CreateOrUpdate",
      "responseCode": "201",
      "scenario": "ManagedDatabases_CreateOrUpdate_MaximumSet_Gen",
      "severity": 0,
      "source": "response",
    },
  ],
  Object {
    "code": "RESPONSE_BODY_NOT_IN_EXAMPLE",
    "id": "OAV130",
    "message": "Response statusCode \\"201\\" for operation \\"ManagedInstanceAzureADOnlyAuthentications_CreateOrUpdate\\" has no response body provided in the example, however the response does have a \\"schema\\" defined in the swagger spec.",
  },
  "Found errors in validating the response with statusCode \\"201\\" for x-ms-example \\"ManagedInstanceAzureADOnlyAuthentications_CreateOrUpdate_MaximumSet_Gen\\" in operation \\"ManagedInstanceAzureADOnlyAuthentications_CreateOrUpdate\\".:
",
  "the validation raised below error:",
  Array [
    Object {
      "code": "RESPONSE_BODY_NOT_IN_EXAMPLE",
      "details": Object {
        "code": "RESPONSE_BODY_NOT_IN_EXAMPLE",
        "id": "OAV130",
        "message": "Response statusCode \\"201\\" for operation \\"ManagedInstanceAzureADOnlyAuthentications_CreateOrUpdate\\" has no response body provided in the example, however the response does have a \\"schema\\" defined in the swagger spec.",
      },
      "operationId": "ManagedInstanceAzureADOnlyAuthentications_CreateOrUpdate",
      "responseCode": "201",
      "scenario": "ManagedInstanceAzureADOnlyAuthentications_CreateOrUpdate_MaximumSet_Gen",
      "severity": 0,
      "source": "response",
    },
  ],
  Object {
    "code": "RESPONSE_BODY_NOT_IN_EXAMPLE",
    "id": "OAV130",
    "message": "Response statusCode \\"201\\" for operation \\"ServerAzureADOnlyAuthentications_CreateOrUpdate\\" has no response body provided in the example, however the response does have a \\"schema\\" defined in the swagger spec.",
  },
  "Found errors in validating the response with statusCode \\"201\\" for x-ms-example \\"ServerAzureADOnlyAuthentications_CreateOrUpdate_MaximumSet_Gen\\" in operation \\"ServerAzureADOnlyAuthentications_CreateOrUpdate\\".:
",
  "the validation raised below error:",
  Array [
    Object {
      "code": "RESPONSE_BODY_NOT_IN_EXAMPLE",
      "details": Object {
        "code": "RESPONSE_BODY_NOT_IN_EXAMPLE",
        "id": "OAV130",
        "message": "Response statusCode \\"201\\" for operation \\"ServerAzureADOnlyAuthentications_CreateOrUpdate\\" has no response body provided in the example, however the response does have a \\"schema\\" defined in the swagger spec.",
      },
      "operationId": "ServerAzureADOnlyAuthentications_CreateOrUpdate",
      "responseCode": "201",
      "scenario": "ServerAzureADOnlyAuthentications_CreateOrUpdate_MaximumSet_Gen",
      "severity": 0,
      "source": "response",
    },
  ],
]
`;

exports[`test generate example from payload,rp:sql: ,tag:package-pure-2020-02-preview 1`] = `
Array [
  Object {
    "code": "RESPONSE_BODY_NOT_IN_EXAMPLE",
    "id": "OAV130",
    "message": "Response statusCode \\"201\\" for operation \\"ManagedDatabases_CreateOrUpdate\\" has no response body provided in the example, however the response does have a \\"schema\\" defined in the swagger spec.",
  },
  "Found errors in validating the response with statusCode \\"201\\" for x-ms-example \\"ManagedDatabases_CreateOrUpdate_MaximumSet_Gen\\" in operation \\"ManagedDatabases_CreateOrUpdate\\".:
",
  "the validation raised below error:",
  Array [
    Object {
      "code": "RESPONSE_BODY_NOT_IN_EXAMPLE",
      "details": Object {
        "code": "RESPONSE_BODY_NOT_IN_EXAMPLE",
        "id": "OAV130",
        "message": "Response statusCode \\"201\\" for operation \\"ManagedDatabases_CreateOrUpdate\\" has no response body provided in the example, however the response does have a \\"schema\\" defined in the swagger spec.",
      },
      "operationId": "ManagedDatabases_CreateOrUpdate",
      "responseCode": "201",
      "scenario": "ManagedDatabases_CreateOrUpdate_MaximumSet_Gen",
      "severity": 0,
      "source": "response",
    },
  ],
  Object {
    "code": "RESPONSE_BODY_NOT_IN_EXAMPLE",
    "id": "OAV130",
    "message": "Response statusCode \\"201\\" for operation \\"ManagedInstanceAzureADOnlyAuthentications_CreateOrUpdate\\" has no response body provided in the example, however the response does have a \\"schema\\" defined in the swagger spec.",
  },
  "Found errors in validating the response with statusCode \\"201\\" for x-ms-example \\"ManagedInstanceAzureADOnlyAuthentications_CreateOrUpdate_MaximumSet_Gen\\" in operation \\"ManagedInstanceAzureADOnlyAuthentications_CreateOrUpdate\\".:
",
  "the validation raised below error:",
  Array [
    Object {
      "code": "RESPONSE_BODY_NOT_IN_EXAMPLE",
      "details": Object {
        "code": "RESPONSE_BODY_NOT_IN_EXAMPLE",
        "id": "OAV130",
        "message": "Response statusCode \\"201\\" for operation \\"ManagedInstanceAzureADOnlyAuthentications_CreateOrUpdate\\" has no response body provided in the example, however the response does have a \\"schema\\" defined in the swagger spec.",
      },
      "operationId": "ManagedInstanceAzureADOnlyAuthentications_CreateOrUpdate",
      "responseCode": "201",
      "scenario": "ManagedInstanceAzureADOnlyAuthentications_CreateOrUpdate_MaximumSet_Gen",
      "severity": 0,
      "source": "response",
    },
  ],
  Object {
    "code": "RESPONSE_BODY_NOT_IN_EXAMPLE",
    "id": "OAV130",
    "message": "Response statusCode \\"201\\" for operation \\"ServerAzureADOnlyAuthentications_CreateOrUpdate\\" has no response body provided in the example, however the response does have a \\"schema\\" defined in the swagger spec.",
  },
  "Found errors in validating the response with statusCode \\"201\\" for x-ms-example \\"ServerAzureADOnlyAuthentications_CreateOrUpdate_MaximumSet_Gen\\" in operation \\"ServerAzureADOnlyAuthentications_CreateOrUpdate\\".:
",
  "the validation raised below error:",
  Array [
    Object {
      "code": "RESPONSE_BODY_NOT_IN_EXAMPLE",
      "details": Object {
        "code": "RESPONSE_BODY_NOT_IN_EXAMPLE",
        "id": "OAV130",
        "message": "Response statusCode \\"201\\" for operation \\"ServerAzureADOnlyAuthentications_CreateOrUpdate\\" has no response body provided in the example, however the response does have a \\"schema\\" defined in the swagger spec.",
      },
      "operationId": "ServerAzureADOnlyAuthentications_CreateOrUpdate",
      "responseCode": "201",
      "scenario": "ServerAzureADOnlyAuthentications_CreateOrUpdate_MaximumSet_Gen",
      "severity": 0,
      "source": "response",
    },
  ],
]
`;
