// Jest Snapshot v1, https://goo.gl/fbAQLP

exports[`Live Validator Initialization Round trip validation fail 1`] = `
Object {
  "errors": Array [
    Object {
      "code": "ROUNDTRIP_INCONSISTENT_PROPERTY",
      "jsonPathsInPayload": Array [],
      "message": "The property's value 'westcentralus1' in the GET response is different from what was set 'westcentralus' in the preceding PUT request.",
      "pathsInPayload": Array [
        "/location",
      ],
      "schemaPath": "",
      "severity": 0,
      "source": Object {
        "position": Object {
          "column": 0,
          "line": 0,
        },
        "url": "",
      },
    },
    Object {
      "code": "ROUNDTRIP_ADDITIONAL_PROPERTY",
      "jsonPathsInPayload": Array [],
      "message": "The property 'versionlist/1' is returned in the GET response, but it is not declared in the PUT request.",
      "pathsInPayload": Array [
        "/versionlist/1",
      ],
      "schemaPath": "",
      "severity": 0,
      "source": Object {
        "position": Object {
          "column": 0,
          "line": 0,
        },
        "url": "",
      },
    },
    Object {
      "code": "ROUNDTRIP_MISSING_PROPERTY",
      "jsonPathsInPayload": Array [],
      "message": "The property 'createOption' is present in the PUT request but is either never returned in the GET response or is returned with a null value.",
      "pathsInPayload": Array [
        "/properties/storageProfile/osDisk/createOption",
      ],
      "schemaPath": "",
      "severity": 0,
      "source": Object {
        "position": Object {
          "column": 0,
          "line": 0,
        },
        "url": "",
      },
    },
    Object {
      "code": "ROUNDTRIP_ADDITIONAL_PROPERTY",
      "jsonPathsInPayload": Array [],
      "message": "The property 'caching' is returned in the GET response, but it is not declared in the PUT request.",
      "pathsInPayload": Array [
        "/properties/storageProfile/osDisk/caching",
      ],
      "schemaPath": "",
      "severity": 0,
      "source": Object {
        "position": Object {
          "column": 0,
          "line": 0,
        },
        "url": "",
      },
    },
    Object {
      "code": "ROUNDTRIP_MISSING_PROPERTY",
      "jsonPathsInPayload": Array [],
      "message": "The property 'offer' is present in the PUT request but is either never returned in the GET response or is returned with a null value.",
      "pathsInPayload": Array [
        "/properties/storageProfile/imageReference/offer",
      ],
      "schemaPath": "",
      "severity": 0,
      "source": Object {
        "position": Object {
          "column": 0,
          "line": 0,
        },
        "url": "",
      },
    },
    Object {
      "code": "ROUNDTRIP_MISSING_PROPERTY",
      "jsonPathsInPayload": Array [],
      "message": "The property 'computerName' is present in the PUT request but is either never returned in the GET response or is returned with a null value.",
      "pathsInPayload": Array [
        "/properties/osProfile/computerName",
      ],
      "schemaPath": "",
      "severity": 0,
      "source": Object {
        "position": Object {
          "column": 0,
          "line": 0,
        },
        "url": "",
      },
    },
    Object {
      "code": "ROUNDTRIP_ADDITIONAL_PROPERTY",
      "jsonPathsInPayload": Array [],
      "message": "The property 'hardwareProfile' is returned in the GET response, but it is not declared in the PUT request.",
      "pathsInPayload": Array [
        "/hardwareProfile",
      ],
      "schemaPath": "",
      "severity": 0,
      "source": Object {
        "position": Object {
          "column": 0,
          "line": 0,
        },
        "url": "",
      },
    },
  ],
  "isSuccessful": false,
  "operationInfo": Object {
    "apiVersion": "2021-11-01",
    "operationId": "VirtualMachines_CreateOrUpdate",
  },
  "runtimeException": undefined,
}
`;

exports[`Live Validator Initialization readonly properties should not cause error 1`] = `
Object {
  "errors": Array [],
  "isSuccessful": true,
  "operationInfo": Object {
    "apiVersion": "2021-11-01",
    "operationId": "VirtualMachines_CreateOrUpdate",
  },
  "runtimeException": undefined,
}
`;
