// Jest Snapshot v1, https://jestjs.io/docs/snapshot-testing

exports[`TrafficValidator validate data-plane traffic 1`] = `
{
  "operationCoverage": [
    {
      "apiVersion": "2019-02-02",
      "coverageRate": 0.14285714285714285,
      "coveredOperations": 2,
      "coveredOperationsList": [
        {
          "operationId": "Table_Delete",
        },
        {
          "operationId": "Table_Query",
        },
      ],
      "totalOperations": 14,
      "unCoveredOperations": 12,
      "unCoveredOperationsList": [
        {
          "key": "Service",
          "operationId": "Service_GetProperties",
        },
        {
          "key": "Service",
          "operationId": "Service_GetStatistics",
        },
        {
          "key": "Service",
          "operationId": "Service_SetProperties",
        },
        {
          "key": "Table",
          "operationId": "Table_Create",
        },
        {
          "key": "Table",
          "operationId": "Table_DeleteEntity",
        },
        {
          "key": "Table",
          "operationId": "Table_GetAccessPolicy",
        },
        {
          "key": "Table",
          "operationId": "Table_InsertEntity",
        },
        {
          "key": "Table",
          "operationId": "Table_MergeEntity",
        },
        {
          "key": "Table",
          "operationId": "Table_QueryEntities",
        },
        {
          "key": "Table",
          "operationId": "Table_QueryEntityWithPartitionAndRowKey",
        },
        {
          "key": "Table",
          "operationId": "Table_SetAccessPolicy",
        },
        {
          "key": "Table",
          "operationId": "Table_UpdateEntity",
        },
      ],
      "unCoveredOperationsListGen": [
        {
          "operationIdList": [
            {
              "key": "Service",
              "operationId": "Service_SetProperties",
            },
            {
              "key": "Service",
              "operationId": "Service_GetProperties",
            },
            {
              "key": "Service",
              "operationId": "Service_GetStatistics",
            },
          ],
        },
        {
          "operationIdList": [
            {
              "key": "Table",
              "operationId": "Table_Create",
            },
            {
              "key": "Table",
              "operationId": "Table_QueryEntities",
            },
            {
              "key": "Table",
              "operationId": "Table_QueryEntityWithPartitionAndRowKey",
            },
            {
              "key": "Table",
              "operationId": "Table_UpdateEntity",
            },
            {
              "key": "Table",
              "operationId": "Table_MergeEntity",
            },
            {
              "key": "Table",
              "operationId": "Table_DeleteEntity",
            },
            {
              "key": "Table",
              "operationId": "Table_InsertEntity",
            },
            {
              "key": "Table",
              "operationId": "Table_GetAccessPolicy",
            },
            {
              "key": "Table",
              "operationId": "Table_SetAccessPolicy",
            },
          ],
        },
      ],
      "validationFailOperations": 1,
    },
  ],
  "validationIssues": [
    {
      "errors": [
        {
          "code": "MISSING_REQUIRED_PARAMETER",
          "documentationUrl": "",
          "issueSource": "request",
          "jsonPathsInPayload": [
            ".headers.dataserviceversion",
          ],
          "message": "Value is required but was not provided",
          "params": [
            "dataserviceversion",
          ],
          "pathsInPayload": [
            "/headers/dataserviceversion",
          ],
          "resourceIds": [],
          "schemaPath": "#/properties/headers/required",
          "severity": 0,
          "source": {
            "jsonRef": "#/parameters/DataServiceVersionParameter",
            "position": {
              "column": 36,
              "line": 1762,
            },
            "url": "preview/2019-02-02/table.json",
          },
        },
        {
          "code": "INVALID_RESPONSE_CODE",
          "documentationUrl": "",
          "issueSource": "response",
          "jsonPathsInPayload": [],
          "message": "The swagger file does not define '204' response code",
          "pathsInPayload": [],
          "schemaPath": "",
          "severity": 0,
          "source": {
            "position": {
              "column": 22,
              "line": 80,
            },
            "url": "preview/2019-02-02/table.json",
          },
        },
      ],
      "operationInfo": {
        "apiVersion": "2019-02-02",
        "operationId": "Table_Query",
        "position": {
          "column": 24,
          "line": 43,
        },
      },
      "payloadFilePathPosition": {
        "column": 17,
        "line": 2,
      },
      "runtimeExceptions": [],
    },
  ],
}
`;
