// Jest Snapshot v1, https://goo.gl/fbAQLP

exports[`ApiScenarioLoader load valid scenario 1`] = `
Object {
  "_filePath": "Microsoft.Storage/stable/2021-09-01/scenarios/storageQuickStart.yaml",
  "cleanUpSteps": Array [],
  "prepareSteps": Array [],
  "requiredVariables": Array [
    "subscriptionId",
    "location",
  ],
  "scenarios": Array [
    Object {
      "_resolvedSteps": Array [
        Object {
          "description": undefined,
          "operation": Object {},
          "operationId": "StorageAccounts_CheckNameAvailability",
          "outputVariables": Object {},
          "parameters": Object {
            "accountName": Object {
              "name": "$(accountName)",
              "type": "Microsoft.Storage/storageAccounts",
            },
            "api-version": "2021-09-01",
          },
          "requiredVariables": Array [],
          "responses": Object {},
          "secretVariables": Array [],
          "step": "checkName",
          "type": "restCall",
          "variables": Object {},
        },
        Object {
          "description": undefined,
          "operation": Object {},
          "operationId": "StorageAccounts_Create",
          "outputVariables": Object {},
          "parameters": Object {
            "accountName": "storagename1",
            "api-version": "2021-09-01",
            "parameters": Object {
              "kind": "StorageV2",
              "location": "$(location)",
              "properties": Object {
                "encryption": Object {
                  "keySource": "Microsoft.Storage",
                  "services": Object {
                    "blob": Object {},
                  },
                },
              },
              "sku": Object {
                "name": "Standard_LRS",
              },
            },
          },
          "requiredVariables": Array [],
          "responses": Object {},
          "secretVariables": Array [],
          "step": "createStorageAccount",
          "type": "restCall",
          "variables": Object {},
        },
      ],
      "_scenarioDef": [Circular],
      "description": "",
      "requiredVariables": Array [
        "subscriptionId",
        "location",
      ],
      "scenario": "scenario_0",
      "secretVariables": Array [],
      "shareScope": true,
      "steps": Array [
        Object {
          "description": undefined,
          "operation": Object {},
          "operationId": "StorageAccounts_CheckNameAvailability",
          "outputVariables": Object {},
          "parameters": Object {
            "accountName": Object {
              "name": "$(accountName)",
              "type": "Microsoft.Storage/storageAccounts",
            },
            "api-version": "2021-09-01",
          },
          "requiredVariables": Array [],
          "responses": Object {},
          "secretVariables": Array [],
          "step": "checkName",
          "type": "restCall",
          "variables": Object {},
        },
        Object {
          "description": undefined,
          "operation": Object {},
          "operationId": "StorageAccounts_Create",
          "outputVariables": Object {},
          "parameters": Object {
            "accountName": "storagename1",
            "api-version": "2021-09-01",
            "parameters": Object {
              "kind": "StorageV2",
              "location": "$(location)",
              "properties": Object {
                "encryption": Object {
                  "keySource": "Microsoft.Storage",
                  "services": Object {
                    "blob": Object {},
                  },
                },
              },
              "sku": Object {
                "name": "Standard_LRS",
              },
            },
          },
          "requiredVariables": Array [],
          "responses": Object {},
          "secretVariables": Array [],
          "step": "createStorageAccount",
          "type": "restCall",
          "variables": Object {},
        },
      ],
      "variables": Object {},
    },
  ],
  "scope": "ResourceGroup",
  "secretVariables": Array [],
  "variables": Object {
    "accountName": Object {
      "type": "string",
      "value": "storagename1",
    },
  },
}
`;
