// Jest Snapshot v1, https://goo.gl/fbAQLP

exports[`reportGenerator generate report - storage 1`] = `
Object {
  "apiVersion": "2021-08-01",
  "armEndpoint": "https://management.azure.com",
  "branch": undefined,
  "commitHash": undefined,
  "endTime": "2022-07-04T08:17:19.575Z",
  "environment": "test",
  "providerNamespace": "Microsoft.Storage",
  "repository": undefined,
  "rootPath": "",
  "runId": "",
  "startTime": "2022-07-04T08:17:09.368Z",
  "stepResult": Array [
    Object {
      "correlationId": "d6658422-9eff-4e4f-ac2a-b154df45d26a",
      "exampleFilePath": "../Microsoft.Storage/stable/2021-08-01/scenarios/examples/StorageAccountCheckNameAvailability.json",
      "liveValidationResult": Object {
        "requestValidationResult": Object {
          "errors": Array [],
          "isSuccessful": true,
          "operationInfo": Object {
            "apiVersion": "2021-08-01",
            "operationId": "StorageAccounts_CheckNameAvailability",
          },
          "runtimeException": undefined,
        },
        "responseValidationResult": Object {
          "errors": Array [],
          "isSuccessful": true,
          "operationInfo": Object {
            "apiVersion": "2021-08-01",
            "operationId": "StorageAccounts_CheckNameAvailability",
          },
          "runtimeException": undefined,
        },
      },
      "operationId": "StorageAccounts_CheckNameAvailability",
      "responseDiffResult": Array [],
      "runtimeError": Array [],
      "statusCode": 200,
      "stepName": "checkName",
      "stepValidationResult": Array [],
    },
    Object {
      "correlationId": "b69b9ae0-c247-485d-97ed-24940b40191b",
      "exampleFilePath": "../Microsoft.Storage/stable/2021-08-01/scenarios/examples/StorageAccountCreate.json",
      "liveValidationResult": Object {
        "requestValidationResult": Object {
          "errors": Array [],
          "isSuccessful": true,
          "operationInfo": Object {
            "apiVersion": "2021-08-01",
            "operationId": "StorageAccounts_Create",
          },
          "runtimeException": undefined,
        },
        "responseValidationResult": Object {
          "errors": Array [
            Object {
              "code": "INVALID_RESPONSE_CODE",
              "documentationUrl": "",
              "jsonPathsInPayload": Array [],
              "message": "The swagger file does not define '400' response code",
              "pathsInPayload": Array [],
              "schemaPath": "",
              "severity": 0,
              "source": Object {
                "position": Object {
                  "column": 22,
                  "line": 180,
                },
                "url": "",
              },
            },
          ],
          "isSuccessful": false,
          "operationInfo": Object {
            "apiVersion": "2021-08-01",
            "operationId": "StorageAccounts_Create",
          },
          "runtimeException": undefined,
        },
      },
      "operationId": "StorageAccounts_Create",
      "responseDiffResult": Array [],
      "runtimeError": Array [
        Object {
          "code": "RUNTIME_ERROR",
          "detail": "{\\"error\\":{\\"code\\":\\"UnsupportedEdgeZone\\",\\"message\\":\\"Edge zone 'losangeles001' not found. The available edge zones in location 'westus' are ''.\\"}}",
          "message": "statusCode: 400, code: UnsupportedEdgeZone, message: Edge zone 'losangeles001' not found. The available edge zones in location 'westus' are ''.",
          "severity": "Error",
        },
      ],
      "statusCode": 400,
      "stepName": "createStorageAccount",
      "stepValidationResult": Array [],
    },
    Object {
      "correlationId": "a1187deb-0f76-4958-a75a-4e74c6895c8a",
      "exampleFilePath": "../Microsoft.Storage/stable/2021-08-01/scenarios/examples/StorageAccountUpdate.json",
      "liveValidationResult": Object {
        "requestValidationResult": Object {
          "errors": Array [],
          "isSuccessful": true,
          "operationInfo": Object {
            "apiVersion": "2021-08-01",
            "operationId": "StorageAccounts_Update",
          },
          "runtimeException": undefined,
        },
        "responseValidationResult": Object {
          "errors": Array [
            Object {
              "code": "INVALID_RESPONSE_CODE",
              "documentationUrl": "",
              "jsonPathsInPayload": Array [],
              "message": "The swagger file does not define '404' response code",
              "pathsInPayload": Array [],
              "schemaPath": "",
              "severity": 0,
              "source": Object {
                "position": Object {
                  "column": 22,
                  "line": 334,
                },
                "url": "",
              },
            },
          ],
          "isSuccessful": false,
          "operationInfo": Object {
            "apiVersion": "2021-08-01",
            "operationId": "StorageAccounts_Update",
          },
          "runtimeException": undefined,
        },
      },
      "operationId": "StorageAccounts_Update",
      "responseDiffResult": Array [],
      "runtimeError": Array [
        Object {
          "code": "RUNTIME_ERROR",
          "detail": "{\\"error\\":{\\"code\\":\\"PatchResourceNotFound\\",\\"target\\":\\"staj8625u\\",\\"message\\":\\"The resource '/subscriptions/db5eb68e-73e2-4fa8-b18a-46cd1be4cce5/resourceGroups/apiTest-ep9iua/providers/Microsoft.Storage/storageAccounts/staj8625u' was not found when evaluating policies for a PATCH operation.\\"}}",
          "message": "statusCode: 404, code: PatchResourceNotFound, message: The resource '/subscriptions/db5eb68e-73e2-4fa8-b18a-46cd1be4cce5/resourceGroups/apiTest-ep9iua/providers/Microsoft.Storage/storageAccounts/staj8625u' was not found when evaluating policies for a PATCH operation.",
          "severity": "Error",
        },
      ],
      "statusCode": 404,
      "stepName": "updateStorageAccount",
      "stepValidationResult": Array [],
    },
    Object {
      "correlationId": "71c47075-2193-48c4-8f77-8da2f66de14a",
      "exampleFilePath": "../Microsoft.Storage/stable/2021-08-01/scenarios/examples/StorageAccountGetProperties.json",
      "liveValidationResult": Object {
        "requestValidationResult": Object {
          "errors": Array [],
          "isSuccessful": true,
          "operationInfo": Object {
            "apiVersion": "2021-08-01",
            "operationId": "StorageAccounts_GetProperties",
          },
          "runtimeException": undefined,
        },
        "responseValidationResult": Object {
          "errors": Array [
            Object {
              "code": "INVALID_RESPONSE_CODE",
              "documentationUrl": "",
              "jsonPathsInPayload": Array [],
              "message": "The swagger file does not define '404' response code",
              "pathsInPayload": Array [],
              "schemaPath": "",
              "severity": 0,
              "source": Object {
                "position": Object {
                  "column": 22,
                  "line": 270,
                },
                "url": "",
              },
            },
          ],
          "isSuccessful": false,
          "operationInfo": Object {
            "apiVersion": "2021-08-01",
            "operationId": "StorageAccounts_GetProperties",
          },
          "runtimeException": undefined,
        },
      },
      "operationId": "StorageAccounts_GetProperties",
      "responseDiffResult": Array [],
      "runtimeError": Array [
        Object {
          "code": "RUNTIME_ERROR",
          "detail": "{\\"error\\":{\\"code\\":\\"ResourceNotFound\\",\\"message\\":\\"The Resource 'Microsoft.Storage/storageAccounts/staj8625u' under resource group 'apiTest-ep9iua' was not found. For more details please go to https://aka.ms/ARMResourceNotFoundFix\\"}}",
          "message": "statusCode: 404, code: ResourceNotFound, message: The Resource 'Microsoft.Storage/storageAccounts/staj8625u' under resource group 'apiTest-ep9iua' was not found. For more details please go to https://aka.ms/ARMResourceNotFoundFix",
          "severity": "Error",
        },
      ],
      "statusCode": 404,
      "stepName": "getStorageAccount",
      "stepValidationResult": Array [],
    },
    Object {
      "correlationId": "fd1c31fb-ef89-4671-8865-6b8aeb7cd1c9",
      "exampleFilePath": "../Microsoft.Storage/stable/2021-08-01/scenarios/examples/StorageAccountDelete.json",
      "liveValidationResult": Object {
        "requestValidationResult": Object {
          "errors": Array [],
          "isSuccessful": true,
          "operationInfo": Object {
            "apiVersion": "2021-08-01",
            "operationId": "StorageAccounts_Delete",
          },
          "runtimeException": undefined,
        },
        "responseValidationResult": Object {
          "errors": Array [],
          "isSuccessful": true,
          "operationInfo": Object {
            "apiVersion": "2021-08-01",
            "operationId": "StorageAccounts_Delete",
          },
          "runtimeException": undefined,
        },
      },
      "operationId": "StorageAccounts_Delete",
      "responseDiffResult": Array [],
      "runtimeError": Array [],
      "statusCode": 204,
      "stepName": "deleteStorageAccount",
      "stepValidationResult": Array [],
    },
  ],
  "subscriptionId": "aaaaa",
  "swaggerFilePaths": Array [],
  "testScenarioFilePath": "../Microsoft.Storage/stable/2021-08-01/scenarios/storageBasicExample.yaml",
  "testScenarioName": "StorageBasicExample",
}
`;
